node.exe : 
ts-jest[config] 
(WARN) 
[94mmessage[0m[90m 
TS151001: [0mIf you 
have issues related 
to imports, you 
should consider 
setting 
`esModuleInterop` to 
`true` in your 
TypeScript 
configuration file 
(usually 
`tsconfig.json`). See 
https://blogs.msdn.mic
rosoft.com/typescript/
2018/01/31/announcing-
typescript-2-7/#easier
-ecmascript-module-int
eroperability for 
more information.
No linha:1 caractere:1
+ & "C:\Program Files\
nodejs/node.exe" 
"C:\Program 
Files\nodejs/node_mo 
...
+ ~~~~~~~~~~~~~~~~~~~~
~~~~~~~~~~~~~~~~~~~~~~
~~~~~~~~~~~~~~~~~~~~~~
~~~~~
    + CategoryInfo    
          : NotSpeci  
  fied: (ts-jest[co   
 nfig]...re inform    
ation.:String) []    
, RemoteException
    + FullyQualifiedE 
   rrorId : NativeCo  
  mmandError
 
FAIL context/AuthConte
xt.test.tsx
  ÔùÅ Test suite 
failed to run

    File not found: ts
-jest-mock-import-meta
 (resolved as: C:\User
s\HP\Documents\Convert
 CRM\ts-jest-mock-impo
rt-meta)

      at 
ConfigSet.resolvePath 
(node_modules/ts-jest/
dist/legacy/config/con
fig-set.js:616:19)
      at node_modules/
ts-jest/dist/legacy/co
nfig/config-set.js:366
:56
          at 
Array.map 
(<anonymous>)
      at 
resolveTransformers (n
ode_modules/ts-jest/di
st/legacy/config/confi
g-set.js:360:72)
      at ConfigSet._se
tupConfigSet (node_mod
ules/ts-jest/dist/lega
cy/config/config-set.j
s:373:59)
      at new 
ConfigSet (node_module
s/ts-jest/dist/legacy/
config/config-set.js:2
06:14)
      at TsJestTransfo
rmer._createConfigSet 
(node_modules/ts-jest/
dist/legacy/ts-jest-tr
ansformer.js:119:16)
      at TsJestTransfo
rmer._configsFor (node
_modules/ts-jest/dist/
legacy/ts-jest-transfo
rmer.js:98:34)
      at TsJestTransfo
rmer.getCacheKey (node
_modules/ts-jest/dist/
legacy/ts-jest-transfo
rmer.js:249:30)
      at ScriptTransfo
rmer._getCacheKey (nod
e_modules/@jest/transf
orm/build/index.js:195
:41)
      at ScriptTransfo
rmer._getFileCachePath
 (node_modules/@jest/t
ransform/build/index.j
s:231:27)
      at ScriptTransfo
rmer.transformSource (
node_modules/@jest/tra
nsform/build/index.js:
402:32)
      at ScriptTransfo
rmer._transformAndBuil
dScript (node_modules/
@jest/transform/build/
index.js:519:40)
      at ScriptTransfo
rmer.transform (node_m
odules/@jest/transform
/build/index.js:558:19
)

Test Suites: 1 
failed, 1 total
Tests:       0 total
Snapshots:   0 total
Time:        5.249 s
Ran all test suites 
matching context/AuthC
ontext.test.tsx.
